
    Kindly use supported terminal
    ==CAUTION==



https://iyked-1-231-16-58.free.pinggy.net
https://abvvp-1-231-16-58.run.pinggy-free.link
Your tunnel will expire in 60 minutes. Upgrade to Pinggy Pro to get unrestricted tunnels. https://dashboard.pinggy.io
You are not authenticated.
    This is fallback mode as your terminal `dumb` is not supported

RB: 0, SB: 0, TC: 0, AC: 4294967295               
RB: 0, SB: 0, TC: 1, AC: 0               
RB: 0, SB: 0, TC: 1, AC: 4294967295               
RB: 0, SB: 0, TC: 2, AC: 0               
RB: 0, SB: 0, TC: 2, AC: 4294967295               
RB: 0, SB: 0, TC: 3, AC: 0               
RB: 0, SB: 0, TC: 3, AC: 4294967295               
RB: 0, SB: 0, TC: 4, AC: 0               
RB: 0, SB: 0, TC: 4, AC: 4294967295               
RB: 0, SB: 0, TC: 5, AC: 0               
RB: 0, SB: 0, TC: 5, AC: 4294967295               
RB: 0, SB: 0, TC: 6, AC: 0               
RB: 0, SB: 0, TC: 6, AC: 4294967295               
RB: 0, SB: 0, TC: 7, AC: 0               
RB: 0, SB: 0, TC: 7, AC: 4294967295               
